Archive member included to satisfy reference by file (symbol)

/usr/local/gcc-arm-none-eabi-6-2017-q1-update/bin/../lib/gcc/arm-none-eabi/6.3.1/../../../../arm-none-eabi/lib/thumb/v7e-m/fpv4-sp/hard/libc_nano.a(lib_a-exit.o)
                              /usr/local/gcc-arm-none-eabi-6-2017-q1-update/bin/../lib/gcc/arm-none-eabi/6.3.1/../../../../arm-none-eabi/lib/thumb/v7e-m/fpv4-sp/hard/crt0.o (exit)
/usr/local/gcc-arm-none-eabi-6-2017-q1-update/bin/../lib/gcc/arm-none-eabi/6.3.1/../../../../arm-none-eabi/lib/thumb/v7e-m/fpv4-sp/hard/libc_nano.a(lib_a-impure.o)
                              /usr/local/gcc-arm-none-eabi-6-2017-q1-update/bin/../lib/gcc/arm-none-eabi/6.3.1/../../../../arm-none-eabi/lib/thumb/v7e-m/fpv4-sp/hard/libc_nano.a(lib_a-exit.o) (_global_impure_ptr)
/usr/local/gcc-arm-none-eabi-6-2017-q1-update/bin/../lib/gcc/arm-none-eabi/6.3.1/../../../../arm-none-eabi/lib/thumb/v7e-m/fpv4-sp/hard/libc_nano.a(lib_a-init.o)
                              /usr/local/gcc-arm-none-eabi-6-2017-q1-update/bin/../lib/gcc/arm-none-eabi/6.3.1/../../../../arm-none-eabi/lib/thumb/v7e-m/fpv4-sp/hard/crt0.o (__libc_init_array)
/usr/local/gcc-arm-none-eabi-6-2017-q1-update/bin/../lib/gcc/arm-none-eabi/6.3.1/../../../../arm-none-eabi/lib/thumb/v7e-m/fpv4-sp/hard/libc_nano.a(lib_a-memset.o)
                              /usr/local/gcc-arm-none-eabi-6-2017-q1-update/bin/../lib/gcc/arm-none-eabi/6.3.1/../../../../arm-none-eabi/lib/thumb/v7e-m/fpv4-sp/hard/crt0.o (memset)
/usr/local/gcc-arm-none-eabi-6-2017-q1-update/bin/../lib/gcc/arm-none-eabi/6.3.1/../../../../arm-none-eabi/lib/thumb/v7e-m/fpv4-sp/hard/libnosys.a(_exit.o)
                              /usr/local/gcc-arm-none-eabi-6-2017-q1-update/bin/../lib/gcc/arm-none-eabi/6.3.1/../../../../arm-none-eabi/lib/thumb/v7e-m/fpv4-sp/hard/libc_nano.a(lib_a-exit.o) (_exit)
/usr/local/gcc-arm-none-eabi-6-2017-q1-update/bin/../lib/gcc/arm-none-eabi/6.3.1/../../../../arm-none-eabi/lib/thumb/v7e-m/fpv4-sp/hard/libc_nano.a(lib_a-memcpy-stub.o)
                              _build/nrf52832_xxaa_SEGGER_RTT.c.o (memcpy)
/usr/local/gcc-arm-none-eabi-6-2017-q1-update/bin/../lib/gcc/arm-none-eabi/6.3.1/../../../../arm-none-eabi/lib/thumb/v7e-m/fpv4-sp/hard/libc_nano.a(lib_a-strcpy.o)
                              _build/nrf52832_xxaa_SEGGER_RTT.c.o (strcpy)
/usr/local/gcc-arm-none-eabi-6-2017-q1-update/bin/../lib/gcc/arm-none-eabi/6.3.1/../../../../arm-none-eabi/lib/thumb/v7e-m/fpv4-sp/hard/libc_nano.a(lib_a-strlen.o)
                              _build/nrf52832_xxaa_SEGGER_RTT.c.o (strlen)

Allocating common symbols
Common symbol       size              file

_SEGGER_RTT         0x78              _build/nrf52832_xxaa_SEGGER_RTT.c.o

Discarded input sections

 .text          0x0000000000000000        0x0 /usr/local/gcc-arm-none-eabi-6-2017-q1-update/bin/../lib/gcc/arm-none-eabi/6.3.1/thumb/v7e-m/fpv4-sp/hard/crti.o
 .data          0x0000000000000000        0x0 /usr/local/gcc-arm-none-eabi-6-2017-q1-update/bin/../lib/gcc/arm-none-eabi/6.3.1/thumb/v7e-m/fpv4-sp/hard/crti.o
 .bss           0x0000000000000000        0x0 /usr/local/gcc-arm-none-eabi-6-2017-q1-update/bin/../lib/gcc/arm-none-eabi/6.3.1/thumb/v7e-m/fpv4-sp/hard/crti.o
 .data          0x0000000000000000        0x4 /usr/local/gcc-arm-none-eabi-6-2017-q1-update/bin/../lib/gcc/arm-none-eabi/6.3.1/thumb/v7e-m/fpv4-sp/hard/crtbegin.o
 .data          0x0000000000000000        0x0 /usr/local/gcc-arm-none-eabi-6-2017-q1-update/bin/../lib/gcc/arm-none-eabi/6.3.1/../../../../arm-none-eabi/lib/thumb/v7e-m/fpv4-sp/hard/crt0.o
 .bss           0x0000000000000000        0x0 /usr/local/gcc-arm-none-eabi-6-2017-q1-update/bin/../lib/gcc/arm-none-eabi/6.3.1/../../../../arm-none-eabi/lib/thumb/v7e-m/fpv4-sp/hard/crt0.o
 .ARM.extab     0x0000000000000000        0x0 /usr/local/gcc-arm-none-eabi-6-2017-q1-update/bin/../lib/gcc/arm-none-eabi/6.3.1/../../../../arm-none-eabi/lib/thumb/v7e-m/fpv4-sp/hard/crt0.o
 .text          0x0000000000000000        0x0 /usr/local/gcc-arm-none-eabi-6-2017-q1-update/bin/../lib/gcc/arm-none-eabi/6.3.1/../../../../arm-none-eabi/lib/thumb/v7e-m/fpv4-sp/hard/libc_nano.a(lib_a-exit.o)
 .data          0x0000000000000000        0x0 /usr/local/gcc-arm-none-eabi-6-2017-q1-update/bin/../lib/gcc/arm-none-eabi/6.3.1/../../../../arm-none-eabi/lib/thumb/v7e-m/fpv4-sp/hard/libc_nano.a(lib_a-exit.o)
 .bss           0x0000000000000000        0x0 /usr/local/gcc-arm-none-eabi-6-2017-q1-update/bin/../lib/gcc/arm-none-eabi/6.3.1/../../../../arm-none-eabi/lib/thumb/v7e-m/fpv4-sp/hard/libc_nano.a(lib_a-exit.o)
 .text          0x0000000000000000        0x0 /usr/local/gcc-arm-none-eabi-6-2017-q1-update/bin/../lib/gcc/arm-none-eabi/6.3.1/../../../../arm-none-eabi/lib/thumb/v7e-m/fpv4-sp/hard/libc_nano.a(lib_a-impure.o)
 .data          0x0000000000000000        0x0 /usr/local/gcc-arm-none-eabi-6-2017-q1-update/bin/../lib/gcc/arm-none-eabi/6.3.1/../../../../arm-none-eabi/lib/thumb/v7e-m/fpv4-sp/hard/libc_nano.a(lib_a-impure.o)
[...]
Memory Configuration

Name             Origin             Length             Attributes
FLASH            0x0000000000000000 0x0000000000080000 xr
RAM              0x0000000020000000 0x0000000000010000 xrw
*default*        0x0000000000000000 0xffffffffffffffff

Linker script and memory map


.text           0x0000000000000000     0x1fb4
 *(.isr_vector)
 .isr_vector    0x0000000000000000      0x400 _build/nrf52832_xxaa_gcc_startup_nrf52.S.o
                0x0000000000000000                __isr_vector
 *(.text*)
 .text          0x0000000000000400       0x6c /usr/local/gcc-arm-none-eabi-6-2017-q1-update/bin/../lib/gcc/arm-none-eabi/6.3.1/thumb/v7e-m/fpv4-sp/hard/crtbegin.o
 .text          0x000000000000046c       0x74 /usr/local/gcc-arm-none-eabi-6-2017-q1-update/bin/../lib/gcc/arm-none-eabi/6.3.1/../../../../arm-none-eabi/lib/thumb/v7e-m/fpv4-sp/hard/crt0.o
                0x000000000000046c                _mainCRTStartup
                0x000000000000046c                _start
 .text.exit     0x00000000000004e0       0x28 /usr/local/gcc-arm-none-eabi-6-2017-q1-update/bin/../lib/gcc/arm-none-eabi/6.3.1/../../../../arm-none-eabi/lib/thumb/v7e-m/fpv4-sp/hard/libc_nano.a(lib_a-exit.o)
                0x00000000000004e0                exit
 .text.__libc_init_array
                0x0000000000000508       0x48 /usr/local/gcc-arm-none-eabi-6-2017-q1-update/bin/../lib/gcc/arm-none-eabi/6.3.1/../../../../arm-none-eabi/lib/thumb/v7e-m/fpv4-sp/hard/libc_nano.a(lib_a-init.o)
                0x0000000000000508                __libc_init_array
 .text.memset   0x0000000000000550       0x10 /usr/local/gcc-arm-none-eabi-6-2017-q1-update/bin/../lib/gcc/arm-none-eabi/6.3.1/../../../../arm-none-eabi/lib/thumb/v7e-m/fpv4-sp/hard/libc_nano.a(lib_a-memset.o)
                0x0000000000000550                memset
 .text._exit    0x0000000000000560        0x4 /usr/local/gcc-arm-none-eabi-6-2017-q1-update/bin/../lib/gcc/arm-none-eabi/6.3.1/../../../../arm-none-eabi/lib/thumb/v7e-m/fpv4-sp/hard/libnosys.a(_exit.o)
                0x0000000000000560                _exit
 .text.app_error_handler_bare
                0x0000000000000564       0x2c _build/nrf52832_xxaa_app_error.c.o
                0x0000000000000564                app_error_handler_bare
 .text.NVIC_SystemReset
                0x0000000000000590       0x28 _build/nrf52832_xxaa_app_error_weak.c.o
 .text.app_error_fault_handler
                0x00000000000005b8       0x18 _build/nrf52832_xxaa_app_error_weak.c.o
                0x00000000000005b8                app_error_fault_handler
 .text.NVIC_EnableIRQ
                0x00000000000005d0       0x34 _build/nrf52832_xxaa_app_timer.c.o
 .text.NVIC_DisableIRQ
                0x0000000000000604       0x34 _build/nrf52832_xxaa_app_timer.c.o
 .text.NVIC_SetPendingIRQ
                0x0000000000000638       0x34 _build/nrf52832_xxaa_app_timer.c.o
 .text.NVIC_ClearPendingIRQ
                0x000000000000066c       0x34 _build/nrf52832_xxaa_app_timer.c.o
 .text.nrf_delay_us
                0x00000000000006a0       0xa8 _build/nrf52832_xxaa_app_timer.c.o
 .text.rtc1_start
                0x0000000000000748       0x44 _build/nrf52832_xxaa_app_timer.c.o
 .text.rtc1_stop
                0x000000000000078c       0x54 _build/nrf52832_xxaa_app_timer.c.o
 .text.rtc1_counter_get
                0x00000000000007e0       0x18 _build/nrf52832_xxaa_app_timer.c.o
 .text.ticks_diff_get
                0x00000000000007f8       0x20 _build/nrf52832_xxaa_app_timer.c.o
 .text.rtc1_compare0_set
                0x0000000000000818       0x20 _build/nrf52832_xxaa_app_timer.c.o
 .text.timer_list_insert
                0x0000000000000838       0xb4 _build/nrf52832_xxaa_app_timer.c.o
 .text.timer_list_remove
                0x00000000000008ec       0xa8 _build/nrf52832_xxaa_app_timer.c.o
 .text.timer_timeouts_check_sched
                0x0000000000000994        0xe _build/nrf52832_xxaa_app_timer.c.o
 .text.timer_list_handler_sched
                0x00000000000009a2        0xe _build/nrf52832_xxaa_app_timer.c.o
 .text.timeout_handler_exec
                0x00000000000009b0       0x4c _build/nrf52832_xxaa_app_timer.c.o
 .text.timer_timeouts_check
                0x00000000000009fc       0xc8 _build/nrf52832_xxaa_app_timer.c.o
 .text.elapsed_ticks_acquire
                0x0000000000000ac4       0x80 _build/nrf52832_xxaa_app_timer.c.o
 .text.list_deletions_handler
                0x0000000000000b44       0xa0 _build/nrf52832_xxaa_app_timer.c.o
 .text.expired_timers_handler
                0x0000000000000be4       0x9c _build/nrf52832_xxaa_app_timer.c.o
 .text.list_insertions_handler
                0x0000000000000c80      0x160 _build/nrf52832_xxaa_app_timer.c.o
 .text.compare_reg_update
                0x0000000000000de0       0xb4 _build/nrf52832_xxaa_app_timer.c.o
 .text.timer_list_handler
                0x0000000000000e94       0x78 _build/nrf52832_xxaa_app_timer.c.o
 .text.RTC1_IRQHandler
                0x0000000000000f0c       0x40 _build/nrf52832_xxaa_app_timer.c.o
                0x0000000000000f0c                RTC1_IRQHandler
 .text.SWI0_EGU0_IRQHandler
                0x0000000000000f4c        0xc _build/nrf52832_xxaa_app_timer.c.o
                0x0000000000000f4c                SWI0_EGU0_IRQHandler
 .text.nrf_gpio_pin_port_decode
                0x0000000000000f58       0x18 _build/nrf52832_xxaa_boards.c.o
 .text.nrf_gpio_cfg
                0x0000000000000f70       0x52 _build/nrf52832_xxaa_boards.c.o
 .text.nrf_gpio_cfg_output
                0x0000000000000fc2       0x24 _build/nrf52832_xxaa_boards.c.o
 .text.nrf_gpio_pin_set
                0x0000000000000fe6       0x2a _build/nrf52832_xxaa_boards.c.o
 .text.nrf_gpio_pin_clear
                0x0000000000001010       0x2a _build/nrf52832_xxaa_boards.c.o
 .text.nrf_gpio_pin_toggle
                0x000000000000103a       0x46 _build/nrf52832_xxaa_boards.c.o
 .text.nrf_gpio_pin_write
                0x0000000000001080       0x26 _build/nrf52832_xxaa_boards.c.o
 .text.nrf_gpio_port_out_set
                0x00000000000010a6       0x1e _build/nrf52832_xxaa_boards.c.o
 .text.nrf_gpio_port_out_clear
                0x00000000000010c4       0x1e _build/nrf52832_xxaa_boards.c.o
 *fill*         0x00000000000010e2        0x2 
 .text.bsp_board_led_off
                0x00000000000010e4       0x24 _build/nrf52832_xxaa_boards.c.o
                0x00000000000010e4                bsp_board_led_off
 .text.bsp_board_leds_off
                0x0000000000001108       0x26 _build/nrf52832_xxaa_boards.c.o
                0x0000000000001108                bsp_board_leds_off
 *fill*         0x000000000000112e        0x2 
 .text.bsp_board_led_invert
                0x0000000000001130       0x24 _build/nrf52832_xxaa_boards.c.o
                0x0000000000001130                bsp_board_led_invert
 .text.bsp_board_leds_init
                0x0000000000001154       0x38 _build/nrf52832_xxaa_boards.c.o
                0x0000000000001154                bsp_board_leds_init
 .text.nrf_clock_int_disable
                0x000000000000118c       0x1e _build/nrf52832_xxaa_nrf_drv_clock.c.o
 .text.nrf_clock_event_clear
                0x00000000000011aa       0x2c _build/nrf52832_xxaa_nrf_drv_clock.c.o
 .text.nrf_clock_event_check
                0x00000000000011d6       0x28 _build/nrf52832_xxaa_nrf_drv_clock.c.o
 .text.item_dequeue
                0x00000000000011fe       0x2a _build/nrf52832_xxaa_nrf_drv_clock.c.o
 .text.clock_clk_started_notify
                0x0000000000001228       0x48 _build/nrf52832_xxaa_nrf_drv_clock.c.o
 .text.POWER_CLOCK_IRQHandler
                0x0000000000001270       0x5c _build/nrf52832_xxaa_nrf_drv_clock.c.o
                0x0000000000001270                POWER_CLOCK_IRQHandler
 .text.nrf_uart_event_clear
                0x00000000000012cc       0x2e _build/nrf52832_xxaa_nrf_drv_uart.c.o
 .text.nrf_uart_event_check
                0x00000000000012fa       0x2a _build/nrf52832_xxaa_nrf_drv_uart.c.o
 .text.nrf_uart_int_enable_check
                0x0000000000001324       0x2a _build/nrf52832_xxaa_nrf_drv_uart.c.o
 .text.nrf_uart_int_disable
                0x000000000000134e       0x1e _build/nrf52832_xxaa_nrf_drv_uart.c.o
 .text.nrf_uart_errorsrc_get_and_clear
                0x000000000000136c       0x26 _build/nrf52832_xxaa_nrf_drv_uart.c.o
 .text.nrf_uart_rxd_get
                0x0000000000001392       0x1c _build/nrf52832_xxaa_nrf_drv_uart.c.o
 .text.nrf_uart_txd_set
                0x00000000000013ae       0x20 _build/nrf52832_xxaa_nrf_drv_uart.c.o
 .text.nrf_uart_task_trigger
                0x00000000000013ce       0x22 _build/nrf52832_xxaa_nrf_drv_uart.c.o
 .text.nrf_uarte_event_clear
                0x00000000000013f0       0x2e _build/nrf52832_xxaa_nrf_drv_uart.c.o
 .text.nrf_uarte_event_check
                0x000000000000141e       0x2a _build/nrf52832_xxaa_nrf_drv_uart.c.o
 .text.nrf_uarte_shorts_disable
                0x0000000000001448       0x28 _build/nrf52832_xxaa_nrf_drv_uart.c.o
 .text.nrf_uarte_errorsrc_get_and_clear
                0x0000000000001470       0x26 _build/nrf52832_xxaa_nrf_drv_uart.c.o
 .text.nrf_uarte_tx_amount_get
                0x0000000000001496       0x1a _build/nrf52832_xxaa_nrf_drv_uart.c.o
 .text.nrf_uarte_rx_amount_get
                0x00000000000014b0       0x1a _build/nrf52832_xxaa_nrf_drv_uart.c.o
 .text.tx_byte  0x00000000000014ca       0x44 _build/nrf52832_xxaa_nrf_drv_uart.c.o
 .text.rx_byte  0x000000000000150e       0x58 _build/nrf52832_xxaa_nrf_drv_uart.c.o
 .text.rx_done_event
                0x0000000000001566       0x32 _build/nrf52832_xxaa_nrf_drv_uart.c.o
 .text.tx_done_event
                0x0000000000001598       0x38 _build/nrf52832_xxaa_nrf_drv_uart.c.o
 .text.uart_irq_handler
                0x00000000000015d0      0x1d0 _build/nrf52832_xxaa_nrf_drv_uart.c.o
 .text.uarte_irq_handler
                0x00000000000017a0      0x158 _build/nrf52832_xxaa_nrf_drv_uart.c.o
 .text.UARTE0_UART0_IRQHandler
                0x00000000000018f8       0x2c _build/nrf52832_xxaa_nrf_drv_uart.c.o
                0x00000000000018f8                UARTE0_UART0_IRQHandler
 .text.nrf_delay_us
                0x0000000000001924       0xa8 _build/nrf52832_xxaa_main.c.o
 .text.nrf_delay_ms
                0x00000000000019cc       0x20 _build/nrf52832_xxaa_main.c.o
 .text.main     0x00000000000019ec       0x2c _build/nrf52832_xxaa_main.c.o
                0x00000000000019ec                main
 .text          0x0000000000001a18       0x3c _build/nrf52832_xxaa_gcc_startup_nrf52.S.o
                0x0000000000001a18                Reset_Handler
                0x0000000000001a40                NMI_Handler
                0x0000000000001a42                HardFault_Handler
                0x0000000000001a44                MemoryManagement_Handler
                0x0000000000001a46                BusFault_Handler
                0x0000000000001a48                UsageFault_Handler
                0x0000000000001a4a                SVC_Handler
                0x0000000000001a4c                DebugMon_Handler
                0x0000000000001a4e                PendSV_Handler
                0x0000000000001a50                SysTick_Handler
                0x0000000000001a52                TIMER2_IRQHandler
                0x0000000000001a52                RTC0_IRQHandler
                0x0000000000001a52                SWI2_EGU2_IRQHandler
                0x0000000000001a52                GPIOTE_IRQHandler
                0x0000000000001a52                PWM1_IRQHandler
                0x0000000000001a52                RADIO_IRQHandler
                0x0000000000001a52                PDM_IRQHandler
                0x0000000000001a52                TEMP_IRQHandler
                0x0000000000001a52                QDEC_IRQHandler
                0x0000000000001a52                TIMER3_IRQHandler
                0x0000000000001a52                FPU_IRQHandler
                0x0000000000001a52                SPIM0_SPIS0_TWIM0_TWIS0_SPI0_TWI0_IRQHandler
                0x0000000000001a52                TIMER4_IRQHandler
                0x0000000000001a52                I2S_IRQHandler
                0x0000000000001a52                SWI4_EGU4_IRQHandler
                0x0000000000001a52                TIMER0_IRQHandler
                0x0000000000001a52                TIMER1_IRQHandler
                0x0000000000001a52                PWM2_IRQHandler
                0x0000000000001a52                ECB_IRQHandler
                0x0000000000001a52                SPIM1_SPIS1_TWIM1_TWIS1_SPI1_TWI1_IRQHandler
                0x0000000000001a52                Default_Handler
                0x0000000000001a52                SAADC_IRQHandler
                0x0000000000001a52                CCM_AAR_IRQHandler
                0x0000000000001a52                WDT_IRQHandler
                0x0000000000001a52                SWI5_EGU5_IRQHandler
                0x0000000000001a52                RNG_IRQHandler
                0x0000000000001a52                RTC2_IRQHandler
                0x0000000000001a52                PWM0_IRQHandler
                0x0000000000001a52                SWI3_EGU3_IRQHandler
                0x0000000000001a52                SWI1_EGU1_IRQHandler
                0x0000000000001a52                SPIM2_SPIS2_SPI2_IRQHandler
                0x0000000000001a52                NFCT_IRQHandler
                0x0000000000001a52                MWU_IRQHandler
                0x0000000000001a52                COMP_LPCOMP_IRQHandler
 .text.NVIC_SystemReset
                0x0000000000001a54       0x28 _build/nrf52832_xxaa_system_nrf52.c.o
 .text.SystemCoreClockUpdate
                0x0000000000001a7c       0x1c _build/nrf52832_xxaa_system_nrf52.c.o
                0x0000000000001a7c                SystemCoreClockUpdate
 .text.SystemInit
                0x0000000000001a98      0x278 _build/nrf52832_xxaa_system_nrf52.c.o
                0x0000000000001a98                SystemInit
 .text.errata_16
                0x0000000000001d10       0x44 _build/nrf52832_xxaa_system_nrf52.c.o
 .text.errata_31
                0x0000000000001d54       0x64 _build/nrf52832_xxaa_system_nrf52.c.o
 .text.errata_32
                0x0000000000001db8       0x44 _build/nrf52832_xxaa_system_nrf52.c.o
 .text.errata_36
                0x0000000000001dfc       0x64 _build/nrf52832_xxaa_system_nrf52.c.o
 .text.errata_37
                0x0000000000001e60       0x44 _build/nrf52832_xxaa_system_nrf52.c.o
 .text.errata_57
                0x0000000000001ea4       0x44 _build/nrf52832_xxaa_system_nrf52.c.o
 .text.errata_66
                0x0000000000001ee8       0x44 _build/nrf52832_xxaa_system_nrf52.c.o
 .text.errata_108
                0x0000000000001f2c       0x64 _build/nrf52832_xxaa_system_nrf52.c.o
 *(.init)
 .init          0x0000000000001f90        0x4 /usr/local/gcc-arm-none-eabi-6-2017-q1-update/bin/../lib/gcc/arm-none-eabi/6.3.1/thumb/v7e-m/fpv4-sp/hard/crti.o
                0x0000000000001f90                _init
 .init          0x0000000000001f94        0x8 /usr/local/gcc-arm-none-eabi-6-2017-q1-update/bin/../lib/gcc/arm-none-eabi/6.3.1/thumb/v7e-m/fpv4-sp/hard/crtn.o
 *(.fini)
 .fini          0x0000000000001f9c        0x4 /usr/local/gcc-arm-none-eabi-6-2017-q1-update/bin/../lib/gcc/arm-none-eabi/6.3.1/thumb/v7e-m/fpv4-sp/hard/crti.o
                0x0000000000001f9c                _fini
 .fini          0x0000000000001fa0        0x8 /usr/local/gcc-arm-none-eabi-6-2017-q1-update/bin/../lib/gcc/arm-none-eabi/6.3.1/thumb/v7e-m/fpv4-sp/hard/crtn.o
 *crtbegin.o(.ctors)
 *crtbegin?.o(.ctors)
 *(EXCLUDE_FILE(*crtend.o *crtend?.o) .ctors)
 *(SORT(.ctors.*))
 *(.ctors)
 *crtbegin.o(.dtors)
 *crtbegin?.o(.dtors)
 *(EXCLUDE_FILE(*crtend.o *crtend?.o) .dtors)
 *(SORT(.dtors.*))
 *(.dtors)
 *(.rodata*)
 .rodata._global_impure_ptr
                0x0000000000001fa8        0x4 /usr/local/gcc-arm-none-eabi-6-2017-q1-update/bin/../lib/gcc/arm-none-eabi/6.3.1/../../../../arm-none-eabi/lib/thumb/v7e-m/fpv4-sp/hard/libc_nano.a(lib_a-impure.o)
                0x0000000000001fa8                _global_impure_ptr
 .rodata.m_board_led_list
                0x0000000000001fac        0x4 _build/nrf52832_xxaa_boards.c.o
 *(.eh_frame*)
 .eh_frame      0x0000000000001fb0        0x0 /usr/local/gcc-arm-none-eabi-6-2017-q1-update/bin/../lib/gcc/arm-none-eabi/6.3.1/thumb/v7e-m/fpv4-sp/hard/crtbegin.o
 .eh_frame      0x0000000000001fb0        0x4 /usr/local/gcc-arm-none-eabi-6-2017-q1-update/bin/../lib/gcc/arm-none-eabi/6.3.1/thumb/v7e-m/fpv4-sp/hard/crtend.o

.glue_7         0x0000000000001fb4        0x0
 .glue_7        0x0000000000001fb4        0x0 linker stubs

.glue_7t        0x0000000000001fb4        0x0
 .glue_7t       0x0000000000001fb4        0x0 linker stubs

.vfp11_veneer   0x0000000000001fb4        0x0
 .vfp11_veneer  0x0000000000001fb4        0x0 linker stubs

.v4_bx          0x0000000000001fb4        0x0
 .v4_bx         0x0000000000001fb4        0x0 linker stubs

.iplt           0x0000000000001fb4        0x0
 .iplt          0x0000000000001fb4        0x0 /usr/local/gcc-arm-none-eabi-6-2017-q1-update/bin/../lib/gcc/arm-none-eabi/6.3.1/thumb/v7e-m/fpv4-sp/hard/crtbegin.o

.pwr_mgmt_data  0x0000000000001fb4        0x0
                [!provide]                        PROVIDE (__start_pwr_mgmt_data, .)
 *(.pwr_mgmt_data)
                [!provide]                        PROVIDE (__stop_pwr_mgmt_data, .)

.ARM.extab
 *(.ARM.extab* .gnu.linkonce.armextab.*)
                0x0000000000001fb4                __exidx_start = .

.ARM.exidx      0x0000000000001fb4        0x8
 *(.ARM.exidx* .gnu.linkonce.armexidx.*)
 .ARM.exidx     0x0000000000001fb4        0x8 /usr/local/gcc-arm-none-eabi-6-2017-q1-update/bin/../lib/gcc/arm-none-eabi/6.3.1/../../../../arm-none-eabi/lib/thumb/v7e-m/fpv4-sp/hard/crt0.o
                0x0000000000001fbc                __exidx_end = .
                0x0000000000001fbc                __etext = .

.rel.dyn        0x0000000000001fbc        0x0
 .rel.iplt      0x0000000000001fbc        0x0 /usr/local/gcc-arm-none-eabi-6-2017-q1-update/bin/../lib/gcc/arm-none-eabi/6.3.1/thumb/v7e-m/fpv4-sp/hard/crtbegin.o

.data           0x0000000020000000       0x70 load address 0x0000000000001fbc
                0x0000000020000000                __data_start__ = .
 *(vtable)
 *(.data*)
 .data.impure_data
                0x0000000020000000       0x60 /usr/local/gcc-arm-none-eabi-6-2017-q1-update/bin/../lib/gcc/arm-none-eabi/6.3.1/../../../../arm-none-eabi/lib/thumb/v7e-m/fpv4-sp/hard/libc_nano.a(lib_a-impure.o)
 .data.SystemCoreClock
                0x0000000020000060        0x4 _build/nrf52832_xxaa_system_nrf52.c.o
                0x0000000020000060                SystemCoreClock
                0x0000000020000064                . = ALIGN (0x4)
                0x0000000020000064                PROVIDE (__preinit_array_start, .)
 *(.preinit_array)
                0x0000000020000064                PROVIDE (__preinit_array_end, .)
                0x0000000020000064                . = ALIGN (0x4)
                0x0000000020000064                PROVIDE (__init_array_start, .)
 *(SORT(.init_array.*))
 *(.init_array)
 .init_array    0x0000000020000064        0x4 /usr/local/gcc-arm-none-eabi-6-2017-q1-update/bin/../lib/gcc/arm-none-eabi/6.3.1/thumb/v7e-m/fpv4-sp/hard/crtbegin.o
                0x0000000020000068                PROVIDE (__init_array_end, .)
                0x0000000020000068                . = ALIGN (0x4)
                [!provide]                        PROVIDE (__fini_array_start, .)
 *(SORT(.fini_array.*))
 *(.fini_array)
 .fini_array    0x0000000020000068        0x4 /usr/local/gcc-arm-none-eabi-6-2017-q1-update/bin/../lib/gcc/arm-none-eabi/6.3.1/thumb/v7e-m/fpv4-sp/hard/crtbegin.o
                [!provide]                        PROVIDE (__fini_array_end, .)
 *(.jcr*)
 .jcr           0x000000002000006c        0x0 /usr/local/gcc-arm-none-eabi-6-2017-q1-update/bin/../lib/gcc/arm-none-eabi/6.3.1/thumb/v7e-m/fpv4-sp/hard/crtbegin.o
 .jcr           0x000000002000006c        0x4 /usr/local/gcc-arm-none-eabi-6-2017-q1-update/bin/../lib/gcc/arm-none-eabi/6.3.1/thumb/v7e-m/fpv4-sp/hard/crtend.o
                0x0000000020000070                . = ALIGN (0x4)
                0x0000000020000070                __data_end__ = .
LOAD /usr/local/gcc-arm-none-eabi-6-2017-q1-update/bin/../lib/gcc/arm-none-eabi/6.3.1/thumb/v7e-m/fpv4-sp/hard/crti.o
LOAD /usr/local/gcc-arm-none-eabi-6-2017-q1-update/bin/../lib/gcc/arm-none-eabi/6.3.1/thumb/v7e-m/fpv4-sp/hard/crtbegin.o
LOAD /usr/local/gcc-arm-none-eabi-6-2017-q1-update/bin/../lib/gcc/arm-none-eabi/6.3.1/../../../../arm-none-eabi/lib/thumb/v7e-m/fpv4-sp/hard/crt0.o
LOAD /usr/local/gcc-arm-none-eabi-6-2017-q1-update/bin/../lib/gcc/arm-none-eabi/6.3.1/../../../../arm-none-eabi/lib/thumb/v7e-m/fpv4-sp/hard/libc_nano.a
LOAD /usr/local/gcc-arm-none-eabi-6-2017-q1-update/bin/../lib/gcc/arm-none-eabi/6.3.1/../../../../arm-none-eabi/lib/thumb/v7e-m/fpv4-sp/hard/libnosys.a
LOAD _build/nrf52832_xxaa_nrf_log_backend_serial.c.o
LOAD _build/nrf52832_xxaa_nrf_log_frontend.c.o
LOAD _build/nrf52832_xxaa_app_error.c.o
LOAD _build/nrf52832_xxaa_app_error_weak.c.o
LOAD _build/nrf52832_xxaa_app_timer.c.o
LOAD _build/nrf52832_xxaa_app_util_platform.c.o
LOAD _build/nrf52832_xxaa_hardfault_implementation.c.o
LOAD _build/nrf52832_xxaa_nrf_assert.c.o
LOAD _build/nrf52832_xxaa_sdk_errors.c.o
LOAD _build/nrf52832_xxaa_boards.c.o
LOAD _build/nrf52832_xxaa_nrf_drv_clock.c.o
LOAD _build/nrf52832_xxaa_nrf_drv_common.c.o
LOAD _build/nrf52832_xxaa_nrf_drv_uart.c.o
LOAD _build/nrf52832_xxaa_nrf_nvic.c.o
LOAD _build/nrf52832_xxaa_nrf_soc.c.o
LOAD _build/nrf52832_xxaa_main.c.o
LOAD _build/nrf52832_xxaa_RTT_Syscalls_GCC.c.o
LOAD _build/nrf52832_xxaa_SEGGER_RTT.c.o
LOAD _build/nrf52832_xxaa_SEGGER_RTT_printf.c.o
LOAD _build/nrf52832_xxaa_gcc_startup_nrf52.S.o
LOAD _build/nrf52832_xxaa_system_nrf52.c.o
LOAD /usr/local/gcc-arm-none-eabi-6-2017-q1-update/bin/../lib/gcc/arm-none-eabi/6.3.1/../../../../arm-none-eabi/lib/thumb/v7e-m/fpv4-sp/hard/libm.a
START GROUP
LOAD /usr/local/gcc-arm-none-eabi-6-2017-q1-update/bin/../lib/gcc/arm-none-eabi/6.3.1/thumb/v7e-m/fpv4-sp/hard/libgcc.a
LOAD /usr/local/gcc-arm-none-eabi-6-2017-q1-update/bin/../lib/gcc/arm-none-eabi/6.3.1/../../../../arm-none-eabi/lib/thumb/v7e-m/fpv4-sp/hard/libc_nano.a
END GROUP
START GROUP
LOAD /usr/local/gcc-arm-none-eabi-6-2017-q1-update/bin/../lib/gcc/arm-none-eabi/6.3.1/thumb/v7e-m/fpv4-sp/hard/libgcc.a
LOAD /usr/local/gcc-arm-none-eabi-6-2017-q1-update/bin/../lib/gcc/arm-none-eabi/6.3.1/../../../../arm-none-eabi/lib/thumb/v7e-m/fpv4-sp/hard/libc_nano.a
END GROUP
LOAD /usr/local/gcc-arm-none-eabi-6-2017-q1-update/bin/../lib/gcc/arm-none-eabi/6.3.1/thumb/v7e-m/fpv4-sp/hard/crtend.o
LOAD /usr/local/gcc-arm-none-eabi-6-2017-q1-update/bin/../lib/gcc/arm-none-eabi/6.3.1/thumb/v7e-m/fpv4-sp/hard/crtn.o
START GROUP
LOAD /usr/local/gcc-arm-none-eabi-6-2017-q1-update/bin/../lib/gcc/arm-none-eabi/6.3.1/thumb/v7e-m/fpv4-sp/hard/libgcc.a
LOAD /usr/local/gcc-arm-none-eabi-6-2017-q1-update/bin/../lib/gcc/arm-none-eabi/6.3.1/../../../../arm-none-eabi/lib/thumb/v7e-m/fpv4-sp/hard/libc.a
LOAD /usr/local/gcc-arm-none-eabi-6-2017-q1-update/bin/../lib/gcc/arm-none-eabi/6.3.1/../../../../arm-none-eabi/lib/thumb/v7e-m/fpv4-sp/hard/libnosys.a
END GROUP

.igot.plt       0x0000000020000070        0x0 load address 0x000000000000202c
 .igot.plt      0x0000000020000070        0x0 /usr/local/gcc-arm-none-eabi-6-2017-q1-update/bin/../lib/gcc/arm-none-eabi/6.3.1/thumb/v7e-m/fpv4-sp/hard/crtbegin.o

.fs_data        0x0000000020000070        0x0
                [!provide]                        PROVIDE (__start_fs_data, .)
 *(.fs_data)
                [!provide]                        PROVIDE (__stop_fs_data, .)

.bss            0x0000000020000070       0x74 load address 0x000000000000202c
                0x0000000020000070                . = ALIGN (0x4)
                0x0000000020000070                __bss_start__ = .
 *(.bss*)
 .bss           0x0000000020000070       0x1c /usr/local/gcc-arm-none-eabi-6-2017-q1-update/bin/../lib/gcc/arm-none-eabi/6.3.1/thumb/v7e-m/fpv4-sp/hard/crtbegin.o
 .bss.m_op_queue
                0x000000002000008c        0x8 _build/nrf52832_xxaa_app_timer.c.o
 .bss.mp_timer_id_head
                0x0000000020000094        0x4 _build/nrf52832_xxaa_app_timer.c.o
 .bss.m_ticks_latest
                0x0000000020000098        0x4 _build/nrf52832_xxaa_app_timer.c.o
 .bss.m_ticks_elapsed
                0x000000002000009c        0x8 _build/nrf52832_xxaa_app_timer.c.o
 .bss.m_ticks_elapsed_q_read_ind
                0x00000000200000a4        0x1 _build/nrf52832_xxaa_app_timer.c.o
 .bss.m_ticks_elapsed_q_write_ind
                0x00000000200000a5        0x1 _build/nrf52832_xxaa_app_timer.c.o
 *fill*         0x00000000200000a6        0x2 
 .bss.m_evt_schedule_func
                0x00000000200000a8        0x4 _build/nrf52832_xxaa_app_timer.c.o
 .bss.m_rtc1_running
                0x00000000200000ac        0x1 _build/nrf52832_xxaa_app_timer.c.o
 .bss.m_rtc1_reset
                0x00000000200000ad        0x1 _build/nrf52832_xxaa_app_timer.c.o
 *fill*         0x00000000200000ae        0x2 
 .bss.m_clock_cb
                0x00000000200000b0       0x14 _build/nrf52832_xxaa_nrf_drv_clock.c.o
 .bss.m_cb      0x00000000200000c4       0x20 _build/nrf52832_xxaa_nrf_drv_uart.c.o
 *(COMMON)
                0x00000000200000e4                . = ALIGN (0x4)
                0x00000000200000e4                __bss_end__ = .

.heap           0x00000000200000e8     0x2000
                0x00000000200000e8                __HeapBase = .
                0x00000000200000e8                __end__ = .
                [!provide]                        PROVIDE (end, .)
 *(.heap*)
 .heap          0x00000000200000e8     0x2000 _build/nrf52832_xxaa_gcc_startup_nrf52.S.o
                0x00000000200020e8                __HeapLimit = .

.stack_dummy    0x00000000200000e8     0x2000
 *(.stack*)
 .stack         0x00000000200000e8     0x2000 _build/nrf52832_xxaa_gcc_startup_nrf52.S.o
                0x0000000020010000                __StackTop = (ORIGIN (RAM) + LENGTH (RAM))
                0x000000002000e000                __StackLimit = (__StackTop - SIZEOF (.stack_dummy))
                0x0000000020010000                PROVIDE (__stack, __StackTop)
                0x0000000000000001                ASSERT ((__StackLimit >= __HeapLimit), region RAM overflowed with stack)
OUTPUT(_build/nrf52832_xxaa.out elf32-littlearm)

.ARM.attributes
                0x0000000000000000       0x30
 .ARM.attributes
                0x0000000000000000       0x22 /usr/local/gcc-arm-none-eabi-6-2017-q1-update/bin/../lib/gcc/arm-none-eabi/6.3.1/thumb/v7e-m/fpv4-sp/hard/crti.o
 .ARM.attributes
                0x0000000000000022       0x34 /usr/local/gcc-arm-none-eabi-6-2017-q1-update/bin/../lib/gcc/arm-none-eabi/6.3.1/thumb/v7e-m/fpv4-sp/hard/crtbegin.o
 .ARM.attributes
                0x0000000000000056       0x20 /usr/local/gcc-arm-none-eabi-6-2017-q1-update/bin/../lib/gcc/arm-none-eabi/6.3.1/../../../../arm-none-eabi/lib/thumb/v7e-m/fpv4-sp/hard/crt0.o
 .ARM.attributes
                0x0000000000000076       0x34 /usr/local/gcc-arm-none-eabi-6-2017-q1-update/bin/../lib/gcc/arm-none-eabi/6.3.1/../../../../arm-none-eabi/lib/thumb/v7e-m/fpv4-sp/hard/libc_nano.a(lib_a-exit.o)
 .ARM.attributes
                0x00000000000000aa       0x34 /usr/local/gcc-arm-none-eabi-6-2017-q1-update/bin/../lib/gcc/arm-none-eabi/6.3.1/../../../../arm-none-eabi/lib/thumb/v7e-m/fpv4-sp/hard/libc_nano.a(lib_a-impure.o)
 .ARM.attributes
                0x00000000000000de       0x34 /usr/local/gcc-arm-none-eabi-6-2017-q1-update/bin/../lib/gcc/arm-none-eabi/6.3.1/../../../../arm-none-eabi/lib/thumb/v7e-m/fpv4-sp/hard/libc_nano.a(lib_a-init.o)
 .ARM.attributes
                0x0000000000000112       0x34 /usr/local/gcc-arm-none-eabi-6-2017-q1-update/bin/../lib/gcc/arm-none-eabi/6.3.1/../../../../arm-none-eabi/lib/thumb/v7e-m/fpv4-sp/hard/libc_nano.a(lib_a-memset.o)
 .ARM.attributes
                0x0000000000000146       0x34 /usr/local/gcc-arm-none-eabi-6-2017-q1-update/bin/../lib/gcc/arm-none-eabi/6.3.1/../../../../arm-none-eabi/lib/thumb/v7e-m/fpv4-sp/hard/libnosys.a(_exit.o)
 .ARM.attributes
                0x000000000000017a       0x39 _build/nrf52832_xxaa_app_error.c.o
 .ARM.attributes
                0x00000000000001b3       0x39 _build/nrf52832_xxaa_app_error_weak.c.o
 .ARM.attributes
                0x00000000000001ec       0x39 _build/nrf52832_xxaa_app_timer.c.o
 .ARM.attributes
                0x0000000000000225       0x39 _build/nrf52832_xxaa_boards.c.o
 .ARM.attributes
                0x000000000000025e       0x39 _build/nrf52832_xxaa_nrf_drv_clock.c.o
 .ARM.attributes
                0x0000000000000297       0x39 _build/nrf52832_xxaa_nrf_drv_uart.c.o
 .ARM.attributes
                0x00000000000002d0       0x39 _build/nrf52832_xxaa_main.c.o
 .ARM.attributes
                0x0000000000000309       0x1c _build/nrf52832_xxaa_gcc_startup_nrf52.S.o
 .ARM.attributes
                0x0000000000000325       0x39 _build/nrf52832_xxaa_system_nrf52.c.o
 .ARM.attributes
                0x000000000000035e       0x34 /usr/local/gcc-arm-none-eabi-6-2017-q1-update/bin/../lib/gcc/arm-none-eabi/6.3.1/thumb/v7e-m/fpv4-sp/hard/crtend.o
 .ARM.attributes
                0x0000000000000392       0x22 /usr/local/gcc-arm-none-eabi-6-2017-q1-update/bin/../lib/gcc/arm-none-eabi/6.3.1/thumb/v7e-m/fpv4-sp/hard/crtn.o

.comment        0x0000000000000000       0x7f
 .comment       0x0000000000000000       0x7f _build/nrf52832_xxaa_app_error.c.o
                                         0x80 (size before relaxing)
 .comment       0x000000000000007f       0x80 _build/nrf52832_xxaa_app_error_weak.c.o
 .comment       0x000000000000007f       0x80 _build/nrf52832_xxaa_app_timer.c.o
 .comment       0x000000000000007f       0x80 _build/nrf52832_xxaa_boards.c.o
 .comment       0x000000000000007f       0x80 _build/nrf52832_xxaa_nrf_drv_clock.c.o
 .comment       0x000000000000007f       0x80 _build/nrf52832_xxaa_nrf_drv_uart.c.o
 .comment       0x000000000000007f       0x80 _build/nrf52832_xxaa_main.c.o
 .comment       0x000000000000007f       0x80 _build/nrf52832_xxaa_system_nrf52.c.o

.debug_frame    0x0000000000000000     0x1d5c
 .debug_frame   0x0000000000000000       0x28 /usr/local/gcc-arm-none-eabi-6-2017-q1-update/bin/../lib/gcc/arm-none-eabi/6.3.1/../../../../arm-none-eabi/lib/thumb/v7e-m/fpv4-sp/hard/libc_nano.a(lib_a-exit.o)
 .debug_frame   0x0000000000000028       0x2c /usr/local/gcc-arm-none-eabi-6-2017-q1-update/bin/../lib/gcc/arm-none-eabi/6.3.1/../../../../arm-none-eabi/lib/thumb/v7e-m/fpv4-sp/hard/libc_nano.a(lib_a-init.o)
 .debug_frame   0x0000000000000054       0x20 /usr/local/gcc-arm-none-eabi-6-2017-q1-update/bin/../lib/gcc/arm-none-eabi/6.3.1/../../../../arm-none-eabi/lib/thumb/v7e-m/fpv4-sp/hard/libc_nano.a(lib_a-memset.o)
 .debug_frame   0x0000000000000074       0x20 /usr/local/gcc-arm-none-eabi-6-2017-q1-update/bin/../lib/gcc/arm-none-eabi/6.3.1/../../../../arm-none-eabi/lib/thumb/v7e-m/fpv4-sp/hard/libnosys.a(_exit.o)
 .debug_frame   0x0000000000000094       0x80 _build/nrf52832_xxaa_app_error.c.o
 .debug_frame   0x0000000000000114       0x4c _build/nrf52832_xxaa_app_error_weak.c.o
 .debug_frame   0x0000000000000160      0x568 _build/nrf52832_xxaa_app_timer.c.o
 .debug_frame   0x00000000000006c8      0x400 _build/nrf52832_xxaa_boards.c.o
 .debug_frame   0x0000000000000ac8      0x41c _build/nrf52832_xxaa_nrf_drv_clock.c.o
 .debug_frame   0x0000000000000ee4      0xc98 _build/nrf52832_xxaa_nrf_drv_uart.c.o
 .debug_frame   0x0000000000001b7c       0x7c _build/nrf52832_xxaa_main.c.o
 .debug_frame   0x0000000000001bf8      0x164 _build/nrf52832_xxaa_system_nrf52.c.o

.debug_info     0x0000000000000000     0x9c69
 .debug_info    0x0000000000000000      0xb2d _build/nrf52832_xxaa_app_error.c.o
 .debug_info    0x0000000000000b2d      0xb54 _build/nrf52832_xxaa_app_error_weak.c.o
 .debug_info    0x0000000000001681     0x1b50 _build/nrf52832_xxaa_app_timer.c.o
 .debug_info    0x00000000000031d1     0x10a8 _build/nrf52832_xxaa_boards.c.o
 .debug_info    0x0000000000004279     0x1455 _build/nrf52832_xxaa_nrf_drv_clock.c.o
 .debug_info    0x00000000000056ce     0x2ea4 _build/nrf52832_xxaa_nrf_drv_uart.c.o
 .debug_info    0x0000000000008572      0x968 _build/nrf52832_xxaa_main.c.o
 .debug_info    0x0000000000008eda      0xd8f _build/nrf52832_xxaa_system_nrf52.c.o

.debug_abbrev   0x0000000000000000     0x1662
 .debug_abbrev  0x0000000000000000      0x218 _build/nrf52832_xxaa_app_error.c.o
 .debug_abbrev  0x0000000000000218      0x216 _build/nrf52832_xxaa_app_error_weak.c.o
 .debug_abbrev  0x000000000000042e      0x3d3 _build/nrf52832_xxaa_app_timer.c.o
 .debug_abbrev  0x0000000000000801      0x2f5 _build/nrf52832_xxaa_boards.c.o
 .debug_abbrev  0x0000000000000af6      0x3dc _build/nrf52832_xxaa_nrf_drv_clock.c.o
 .debug_abbrev  0x0000000000000ed2      0x396 _build/nrf52832_xxaa_nrf_drv_uart.c.o
 .debug_abbrev  0x0000000000001268      0x219 _build/nrf52832_xxaa_main.c.o
 .debug_abbrev  0x0000000000001481      0x1e1 _build/nrf52832_xxaa_system_nrf52.c.o

.debug_aranges  0x0000000000000000      0x6f0
 .debug_aranges
                0x0000000000000000       0x30 _build/nrf52832_xxaa_app_error.c.o
 .debug_aranges
                0x0000000000000030       0x28 _build/nrf52832_xxaa_app_error_weak.c.o
 .debug_aranges
                0x0000000000000058      0x148 _build/nrf52832_xxaa_app_timer.c.o
 .debug_aranges
                0x00000000000001a0       0xf0 _build/nrf52832_xxaa_boards.c.o
 .debug_aranges
                0x0000000000000290      0x108 _build/nrf52832_xxaa_nrf_drv_clock.c.o
 .debug_aranges
                0x0000000000000398      0x2b8 _build/nrf52832_xxaa_nrf_drv_uart.c.o
 .debug_aranges
                0x0000000000000650       0x30 _build/nrf52832_xxaa_main.c.o
 .debug_aranges
                0x0000000000000680       0x70 _build/nrf52832_xxaa_system_nrf52.c.o

.debug_ranges   0x0000000000000000      0x688
 .debug_ranges  0x0000000000000000       0x20 _build/nrf52832_xxaa_app_error.c.o
 .debug_ranges  0x0000000000000020       0x18 _build/nrf52832_xxaa_app_error_weak.c.o
 .debug_ranges  0x0000000000000038      0x138 _build/nrf52832_xxaa_app_timer.c.o
 .debug_ranges  0x0000000000000170       0xe0 _build/nrf52832_xxaa_boards.c.o
 .debug_ranges  0x0000000000000250      0x110 _build/nrf52832_xxaa_nrf_drv_clock.c.o
 .debug_ranges  0x0000000000000360      0x2a8 _build/nrf52832_xxaa_nrf_drv_uart.c.o
 .debug_ranges  0x0000000000000608       0x20 _build/nrf52832_xxaa_main.c.o
 .debug_ranges  0x0000000000000628       0x60 _build/nrf52832_xxaa_system_nrf52.c.o

.debug_macro    0x0000000000000000     0x273f
 .debug_macro   0x0000000000000000      0x2a6 _build/nrf52832_xxaa_app_error.c.o
 .debug_macro   0x00000000000002a6       0x35 _build/nrf52832_xxaa_app_error.c.o
 .debug_macro   0x00000000000002db       0x22 _build/nrf52832_xxaa_app_error.c.o
 .debug_macro   0x00000000000002fd       0x16 _build/nrf52832_xxaa_app_error.c.o
 .debug_macro   0x0000000000000313       0x97 _build/nrf52832_xxaa_app_error.c.o
 .debug_macro   0x00000000000003aa       0xf6 _build/nrf52832_xxaa_app_error.c.o
 .debug_macro   0x00000000000004a0       0x10 _build/nrf52832_xxaa_app_error.c.o
 .debug_macro   0x00000000000004b0       0x10 _build/nrf52832_xxaa_app_error.c.o
 .debug_macro   0x00000000000004c0       0xb6 _build/nrf52832_xxaa_app_error.c.o
 .debug_macro   0x0000000000000576       0x16 _build/nrf52832_xxaa_app_error.c.o
 .debug_macro   0x000000000000058c      0x145 _build/nrf52832_xxaa_app_error.c.o
 .debug_macro   0x00000000000006d1       0x2b _build/nrf52832_xxaa_app_error.c.o
 .debug_macro   0x00000000000006fc       0x22 _build/nrf52832_xxaa_app_error.c.o
 .debug_macro   0x000000000000071e       0x16 _build/nrf52832_xxaa_app_error.c.o
 .debug_macro   0x0000000000000734      0x39a _build/nrf52832_xxaa_app_error.c.o
 .debug_macro   0x0000000000000ace      0x16c _build/nrf52832_xxaa_app_error.c.o
 .debug_macro   0x0000000000000c3a       0x5a _build/nrf52832_xxaa_app_error.c.o
 .debug_macro   0x0000000000000c94       0x28 _build/nrf52832_xxaa_app_error.c.o
 .debug_macro   0x0000000000000cbc       0x22 _build/nrf52832_xxaa_app_error.c.o
 .debug_macro   0x0000000000000cde      0x2a0 _build/nrf52832_xxaa_app_error_weak.c.o
 .debug_macro   0x0000000000000f7e      0x312 _build/nrf52832_xxaa_app_timer.c.o
 .debug_macro   0x0000000000001290       0x1c _build/nrf52832_xxaa_app_timer.c.o
 .debug_macro   0x00000000000012ac       0x35 _build/nrf52832_xxaa_app_timer.c.o
 .debug_macro   0x00000000000012e1       0x16 _build/nrf52832_xxaa_app_timer.c.o
 .debug_macro   0x00000000000012f7       0x22 _build/nrf52832_xxaa_app_timer.c.o
 .debug_macro   0x0000000000001319       0x10 _build/nrf52832_xxaa_app_timer.c.o
 .debug_macro   0x0000000000001329       0x10 _build/nrf52832_xxaa_app_timer.c.o
 .debug_macro   0x0000000000001339       0x74 _build/nrf52832_xxaa_app_timer.c.o
 .debug_macro   0x00000000000013ad      0x29d _build/nrf52832_xxaa_boards.c.o
 .debug_macro   0x000000000000164a      0x296 _build/nrf52832_xxaa_boards.c.o
 .debug_macro   0x00000000000018e0       0x16 _build/nrf52832_xxaa_boards.c.o
 .debug_macro   0x00000000000018f6      0x24d _build/nrf52832_xxaa_boards.c.o
 .debug_macro   0x0000000000001b43      0x115 _build/nrf52832_xxaa_boards.c.o
 .debug_macro   0x0000000000001c58      0x32d _build/nrf52832_xxaa_nrf_drv_clock.c.o
 .debug_macro   0x0000000000001f85       0x10 _build/nrf52832_xxaa_nrf_drv_clock.c.o
 .debug_macro   0x0000000000001f95       0x28 _build/nrf52832_xxaa_nrf_drv_clock.c.o
 .debug_macro   0x0000000000001fbd       0x16 _build/nrf52832_xxaa_nrf_drv_clock.c.o
 .debug_macro   0x0000000000001fd3      0x37e _build/nrf52832_xxaa_nrf_drv_uart.c.o
 .debug_macro   0x0000000000002351       0x10 _build/nrf52832_xxaa_nrf_drv_uart.c.o
 .debug_macro   0x0000000000002361       0x42 _build/nrf52832_xxaa_nrf_drv_uart.c.o
 .debug_macro   0x00000000000023a3      0x2a7 _build/nrf52832_xxaa_main.c.o
 .debug_macro   0x000000000000264a       0xf5 _build/nrf52832_xxaa_system_nrf52.c.o

.debug_line     0x0000000000000000     0x42ca
 .debug_line    0x0000000000000000      0x608 _build/nrf52832_xxaa_app_error.c.o
 .debug_line    0x0000000000000608      0x5f5 _build/nrf52832_xxaa_app_error_weak.c.o
 .debug_line    0x0000000000000bfd      0xa44 _build/nrf52832_xxaa_app_timer.c.o
 .debug_line    0x0000000000001641      0x7ee _build/nrf52832_xxaa_boards.c.o
 .debug_line    0x0000000000001e2f      0x96f _build/nrf52832_xxaa_nrf_drv_clock.c.o
 .debug_line    0x000000000000279e     0x103d _build/nrf52832_xxaa_nrf_drv_uart.c.o
 .debug_line    0x00000000000037db      0x612 _build/nrf52832_xxaa_main.c.o
 .debug_line    0x0000000000003ded      0x4dd _build/nrf52832_xxaa_system_nrf52.c.o

.debug_str      0x0000000000000000    0x69cec
 .debug_str     0x0000000000000000    0x649bd _build/nrf52832_xxaa_app_error.c.o
                                      0x6558f (size before relaxing)
 .debug_str     0x00000000000649bd       0xd0 _build/nrf52832_xxaa_app_error_weak.c.o
                                      0x65527 (size before relaxing)
 .debug_str     0x0000000000064a8d     0x123d _build/nrf52832_xxaa_app_timer.c.o
                                      0x6502a (size before relaxing)
 .debug_str     0x0000000000065cca     0x1a24 _build/nrf52832_xxaa_boards.c.o
                                      0x62376 (size before relaxing)
 .debug_str     0x00000000000676ee      0xaaa _build/nrf52832_xxaa_nrf_drv_clock.c.o
                                      0x664f6 (size before relaxing)
 .debug_str     0x0000000000068198     0x18aa _build/nrf52832_xxaa_nrf_drv_uart.c.o
                                      0x67f43 (size before relaxing)
 .debug_str     0x0000000000069a42       0x2f _build/nrf52832_xxaa_main.c.o
                                      0x61e8c (size before relaxing)
 .debug_str     0x0000000000069a71      0x27b _build/nrf52832_xxaa_system_nrf52.c.o
                                      0x5babc (size before relaxing)
